ABOK
Enter
'a'
\
Ok
aaaaaaaaaaaaaaaaaaaaaaaaaaaaaaaaaaaaaaaaaaaaaaaaaaaaaaaaaaaaaaaaaaaaaaaaaaaaaaaa
Ok
Ok
Ok
Ok
Ok
Ok
Ok
Ok
Ok
Ok
-
ABOK
Enter
'x'
\
Ok
xxxxxxxxxxxxxxxxxxxxxxxxxxxxxxxxxxxxxxxxxxxxxxxxxxxxxxxxxxxxxxxxxxxxxxxxxxxxxxxx
Ok
Ok
Ok
Ok
Ok
Ok
Ok
Ok
Ok
Ok
-
