Fehler in Zeile 27, Spalte 7: Doppelte Deklaration von Main
