Fehler in Zeile 11, Spalte 9: Unerwartetes Symbol METHOD
