Fehler in Zeile 8, Spalte 14: Ausdruck vom Typ Integer erwartet
