Fehler in Zeile 8, Spalte 9: Falsche Anzahl von Parametern
