Fehler in Zeile 4, Spalte 9: Hier darf kein Wert zurückgeliefert werden
