Fehler in Zeile 4, Spalte 16: Hier darf kein Wert zurückgeliefert werden
