Fehler in Zeile 4, Spalte 16: Ausdruck vom Typ Integer erwartet
