Fehler in Zeile 4, Spalte 15: Ausdruck vom Typ Integer erwartet
