Fehler in Zeile 5, Spalte 14: Ausdruck vom Typ Integer erwartet
